// Jest Snapshot v1, https://goo.gl/fbAQLP

exports[`components > App renders without crashing 1`] = `
<DocumentFragment>
  <div>
      <Row className={classes.row}>
        <Col span={12} offset={6}>
          <Header className={classes.header}>
            Welcome to Umit Cosuno Company Challenge
          </Header>
        </Col>
      </Row>
      <Row style={{paddingLeft: '20%'}}>
        <Col xs={8} sm={8} md={8} lg={4} xl={4} className={classes.col}>
          <Filter />
        </Col>
        <Col xs={16} sm={16} md={16} lg={16} xl={16} className={classes.col}>
          <CompanyList />
        </Col>
      </Row>
    </div>
</DocumentFragment>
`;
